error[E0308]: mismatched types
 --> tests/compile_fail/zero_copy_without_init.rs:8:5
  |
8 |     data: BorshAccount<'info, u64>,
  |     ^^^^ expected `Account<'_, u64>`, found `AccountLoader<'_, u64>`
  |
  = note: expected struct `Account<'info, u64>`
             found struct `AccountLoader<'_, u64>`
