error[E0609]: no field `missing` on type `&'a DummyAccounts<'a>`
  --> tests/compile_fail/missing_anchor.rs:25:21
   |
25 |     #[utxo(anchor = missing)]
   |                     ^^^^^^^ unknown field
   |
   = note: available field is: `acc`
