error: btc_tx_cfg keys rune_set and rune_capacity are mutually exclusive
  --> tests/compile_fail/btc_tx_cfg_conflicting_rune_keys.rs:10:1
   |
10 | / #[saturn_program(
11 | |     btc_tx_cfg(max_inputs_to_sign = 1, max_modified_accounts = 1, rune_set = "crate::Foo", rune_capacity = 8)
12 | | )]
   | |__^
   |
   = note: this error originates in the attribute macro `saturn_program` (in Nightly builds, run with -Z macro-backtrace for more info)
