error: duplicate `btc_tx_cfg` section
  --> tests/compile_fail/duplicate_btc_tx_cfg_section.rs:13:5
   |
13 |     btc_tx_cfg(max_inputs_to_sign = 2, max_modified_accounts = 2)
   |     ^^^^^^^^^^
