error: unknown attribute key; expected `instruction` or `btc_tx_cfg`
  --> tests/compile_fail/unknown_attribute_key.rs:10:18
   |
10 | #[saturn_program(foo = 1, instruction = "crate::instruction::Instr")]
   |                  ^^^^^^^
